// Jest Snapshot v1, https://goo.gl/fbAQLP

exports[`Standard Template should render \`logged In\` state 1`] = `
Object {
  "asFragment": [Function],
  "baseElement": <body>
    <div>
      <div
        class="sc-jSgupP jrbaVO"
      >
        <header
          class="sc-hKgILt YjBQa"
        >
          <span
            class="ant-dropdown-trigger"
          >
            <span
              aria-label="translation"
              class="anticon anticon-translation"
              role="img"
            >
              <svg
                aria-hidden="true"
                data-icon="translation"
                fill="currentColor"
                focusable="false"
                height="1em"
                viewBox="64 64 896 896"
                width="1em"
              >
                <defs>
                  <style />
                </defs>
                <path
                  d="M140 188h584v164h76V144c0-17.7-14.3-32-32-32H96c-17.7 0-32 14.3-32 32v736c0 17.7 14.3 32 32 32h544v-76H140V188z"
                />
                <path
                  d="M414.3 256h-60.6c-3.4 0-6.4 2.2-7.6 5.4L219 629.4c-.3.8-.4 1.7-.4 2.6 0 4.4 3.6 8 8 8h55.1c3.4 0 6.4-2.2 7.6-5.4L322 540h196.2L422 261.4a8.42 8.42 0 00-7.7-5.4zm12.4 228h-85.5L384 360.2 426.7 484zM936 528H800v-93c0-4.4-3.6-8-8-8h-56c-4.4 0-8 3.6-8 8v93H592c-13.3 0-24 10.7-24 24v176c0 13.3 10.7 24 24 24h136v152c0 4.4 3.6 8 8 8h56c4.4 0 8-3.6 8-8V752h136c13.3 0 24-10.7 24-24V552c0-13.3-10.7-24-24-24zM728 680h-88v-80h88v80zm160 0h-88v-80h88v80z"
                />
              </svg>
            </span>
             
            <span
              aria-label="down"
              class="anticon anticon-down"
              role="img"
            >
              <svg
                aria-hidden="true"
                data-icon="down"
                fill="currentColor"
                focusable="false"
                height="1em"
                viewBox="64 64 896 896"
                width="1em"
              >
                <path
                  d="M884 256h-75c-5.1 0-9.9 2.5-12.9 6.6L512 654.2 227.9 262.6c-3-4.1-7.8-6.6-12.9-6.6h-75c-6.5 0-10.3 7.4-6.5 12.7l352.6 486.1c12.8 17.6 39 17.6 51.7 0l352.6-486.1c3.9-5.3.1-12.7-6.4-12.7z"
                />
              </svg>
            </span>
          </span>
          <div
            class="ant-spin ant-spin-spinning ant-spin-show-text"
          >
            <span
              class="ant-spin-dot ant-spin-dot-spin"
            >
              <i
                class="ant-spin-dot-item"
              />
              <i
                class="ant-spin-dot-item"
              />
              <i
                class="ant-spin-dot-item"
              />
              <i
                class="ant-spin-dot-item"
              />
            </span>
            <div
              class="ant-spin-text"
            >
              Loading...
            </div>
          </div>
        </header>
        <div
          class="sc-gKsewC PFLUl"
        />
      </div>
    </div>
  </body>,
  "container": <div>
    <div
      class="sc-jSgupP jrbaVO"
    >
      <header
        class="sc-hKgILt YjBQa"
      >
        <span
          class="ant-dropdown-trigger"
        >
          <span
            aria-label="translation"
            class="anticon anticon-translation"
            role="img"
          >
            <svg
              aria-hidden="true"
              data-icon="translation"
              fill="currentColor"
              focusable="false"
              height="1em"
              viewBox="64 64 896 896"
              width="1em"
            >
              <defs>
                <style />
              </defs>
              <path
                d="M140 188h584v164h76V144c0-17.7-14.3-32-32-32H96c-17.7 0-32 14.3-32 32v736c0 17.7 14.3 32 32 32h544v-76H140V188z"
              />
              <path
                d="M414.3 256h-60.6c-3.4 0-6.4 2.2-7.6 5.4L219 629.4c-.3.8-.4 1.7-.4 2.6 0 4.4 3.6 8 8 8h55.1c3.4 0 6.4-2.2 7.6-5.4L322 540h196.2L422 261.4a8.42 8.42 0 00-7.7-5.4zm12.4 228h-85.5L384 360.2 426.7 484zM936 528H800v-93c0-4.4-3.6-8-8-8h-56c-4.4 0-8 3.6-8 8v93H592c-13.3 0-24 10.7-24 24v176c0 13.3 10.7 24 24 24h136v152c0 4.4 3.6 8 8 8h56c4.4 0 8-3.6 8-8V752h136c13.3 0 24-10.7 24-24V552c0-13.3-10.7-24-24-24zM728 680h-88v-80h88v80zm160 0h-88v-80h88v80z"
              />
            </svg>
          </span>
           
          <span
            aria-label="down"
            class="anticon anticon-down"
            role="img"
          >
            <svg
              aria-hidden="true"
              data-icon="down"
              fill="currentColor"
              focusable="false"
              height="1em"
              viewBox="64 64 896 896"
              width="1em"
            >
              <path
                d="M884 256h-75c-5.1 0-9.9 2.5-12.9 6.6L512 654.2 227.9 262.6c-3-4.1-7.8-6.6-12.9-6.6h-75c-6.5 0-10.3 7.4-6.5 12.7l352.6 486.1c12.8 17.6 39 17.6 51.7 0l352.6-486.1c3.9-5.3.1-12.7-6.4-12.7z"
              />
            </svg>
          </span>
        </span>
        <div
          class="ant-spin ant-spin-spinning ant-spin-show-text"
        >
          <span
            class="ant-spin-dot ant-spin-dot-spin"
          >
            <i
              class="ant-spin-dot-item"
            />
            <i
              class="ant-spin-dot-item"
            />
            <i
              class="ant-spin-dot-item"
            />
            <i
              class="ant-spin-dot-item"
            />
          </span>
          <div
            class="ant-spin-text"
          >
            Loading...
          </div>
        </div>
      </header>
      <div
        class="sc-gKsewC PFLUl"
      />
    </div>
  </div>,
  "debug": [Function],
  "findAllByAltText": [Function],
  "findAllByDisplayValue": [Function],
  "findAllByLabelText": [Function],
  "findAllByPlaceholderText": [Function],
  "findAllByRole": [Function],
  "findAllByTestId": [Function],
  "findAllByText": [Function],
  "findAllByTitle": [Function],
  "findByAltText": [Function],
  "findByDisplayValue": [Function],
  "findByLabelText": [Function],
  "findByPlaceholderText": [Function],
  "findByRole": [Function],
  "findByTestId": [Function],
  "findByText": [Function],
  "findByTitle": [Function],
  "getAllByAltText": [Function],
  "getAllByDisplayValue": [Function],
  "getAllByLabelText": [Function],
  "getAllByPlaceholderText": [Function],
  "getAllByRole": [Function],
  "getAllByTestId": [Function],
  "getAllByText": [Function],
  "getAllByTitle": [Function],
  "getByAltText": [Function],
  "getByDisplayValue": [Function],
  "getByLabelText": [Function],
  "getByPlaceholderText": [Function],
  "getByRole": [Function],
  "getByTestId": [Function],
  "getByText": [Function],
  "getByTitle": [Function],
  "queryAllByAltText": [Function],
  "queryAllByDisplayValue": [Function],
  "queryAllByLabelText": [Function],
  "queryAllByPlaceholderText": [Function],
  "queryAllByRole": [Function],
  "queryAllByTestId": [Function],
  "queryAllByText": [Function],
  "queryAllByTitle": [Function],
  "queryByAltText": [Function],
  "queryByDisplayValue": [Function],
  "queryByLabelText": [Function],
  "queryByPlaceholderText": [Function],
  "queryByRole": [Function],
  "queryByTestId": [Function],
  "queryByText": [Function],
  "queryByTitle": [Function],
  "rerender": [Function],
  "unmount": [Function],
}
`;

exports[`Standard Template should render loading  1`] = `
Object {
  "asFragment": [Function],
  "baseElement": <body>
    <div>
      <div
        class="sc-jSgupP jrbaVO"
      >
        <header
          class="sc-hKgILt YjBQa"
        >
          <span
            class="ant-dropdown-trigger"
          >
            <span
              aria-label="translation"
              class="anticon anticon-translation"
              role="img"
            >
              <svg
                aria-hidden="true"
                data-icon="translation"
                fill="currentColor"
                focusable="false"
                height="1em"
                viewBox="64 64 896 896"
                width="1em"
              >
                <defs>
                  <style />
                </defs>
                <path
                  d="M140 188h584v164h76V144c0-17.7-14.3-32-32-32H96c-17.7 0-32 14.3-32 32v736c0 17.7 14.3 32 32 32h544v-76H140V188z"
                />
                <path
                  d="M414.3 256h-60.6c-3.4 0-6.4 2.2-7.6 5.4L219 629.4c-.3.8-.4 1.7-.4 2.6 0 4.4 3.6 8 8 8h55.1c3.4 0 6.4-2.2 7.6-5.4L322 540h196.2L422 261.4a8.42 8.42 0 00-7.7-5.4zm12.4 228h-85.5L384 360.2 426.7 484zM936 528H800v-93c0-4.4-3.6-8-8-8h-56c-4.4 0-8 3.6-8 8v93H592c-13.3 0-24 10.7-24 24v176c0 13.3 10.7 24 24 24h136v152c0 4.4 3.6 8 8 8h56c4.4 0 8-3.6 8-8V752h136c13.3 0 24-10.7 24-24V552c0-13.3-10.7-24-24-24zM728 680h-88v-80h88v80zm160 0h-88v-80h88v80z"
                />
              </svg>
            </span>
             
            <span
              aria-label="down"
              class="anticon anticon-down"
              role="img"
            >
              <svg
                aria-hidden="true"
                data-icon="down"
                fill="currentColor"
                focusable="false"
                height="1em"
                viewBox="64 64 896 896"
                width="1em"
              >
                <path
                  d="M884 256h-75c-5.1 0-9.9 2.5-12.9 6.6L512 654.2 227.9 262.6c-3-4.1-7.8-6.6-12.9-6.6h-75c-6.5 0-10.3 7.4-6.5 12.7l352.6 486.1c12.8 17.6 39 17.6 51.7 0l352.6-486.1c3.9-5.3.1-12.7-6.4-12.7z"
                />
              </svg>
            </span>
          </span>
          <div
            class="ant-spin ant-spin-spinning ant-spin-show-text"
          >
            <span
              class="ant-spin-dot ant-spin-dot-spin"
            >
              <i
                class="ant-spin-dot-item"
              />
              <i
                class="ant-spin-dot-item"
              />
              <i
                class="ant-spin-dot-item"
              />
              <i
                class="ant-spin-dot-item"
              />
            </span>
            <div
              class="ant-spin-text"
            >
              Loading...
            </div>
          </div>
        </header>
        <div
          class="sc-gKsewC PFLUl"
        />
      </div>
    </div>
  </body>,
  "container": <div>
    <div
      class="sc-jSgupP jrbaVO"
    >
      <header
        class="sc-hKgILt YjBQa"
      >
        <span
          class="ant-dropdown-trigger"
        >
          <span
            aria-label="translation"
            class="anticon anticon-translation"
            role="img"
          >
            <svg
              aria-hidden="true"
              data-icon="translation"
              fill="currentColor"
              focusable="false"
              height="1em"
              viewBox="64 64 896 896"
              width="1em"
            >
              <defs>
                <style />
              </defs>
              <path
                d="M140 188h584v164h76V144c0-17.7-14.3-32-32-32H96c-17.7 0-32 14.3-32 32v736c0 17.7 14.3 32 32 32h544v-76H140V188z"
              />
              <path
                d="M414.3 256h-60.6c-3.4 0-6.4 2.2-7.6 5.4L219 629.4c-.3.8-.4 1.7-.4 2.6 0 4.4 3.6 8 8 8h55.1c3.4 0 6.4-2.2 7.6-5.4L322 540h196.2L422 261.4a8.42 8.42 0 00-7.7-5.4zm12.4 228h-85.5L384 360.2 426.7 484zM936 528H800v-93c0-4.4-3.6-8-8-8h-56c-4.4 0-8 3.6-8 8v93H592c-13.3 0-24 10.7-24 24v176c0 13.3 10.7 24 24 24h136v152c0 4.4 3.6 8 8 8h56c4.4 0 8-3.6 8-8V752h136c13.3 0 24-10.7 24-24V552c0-13.3-10.7-24-24-24zM728 680h-88v-80h88v80zm160 0h-88v-80h88v80z"
              />
            </svg>
          </span>
           
          <span
            aria-label="down"
            class="anticon anticon-down"
            role="img"
          >
            <svg
              aria-hidden="true"
              data-icon="down"
              fill="currentColor"
              focusable="false"
              height="1em"
              viewBox="64 64 896 896"
              width="1em"
            >
              <path
                d="M884 256h-75c-5.1 0-9.9 2.5-12.9 6.6L512 654.2 227.9 262.6c-3-4.1-7.8-6.6-12.9-6.6h-75c-6.5 0-10.3 7.4-6.5 12.7l352.6 486.1c12.8 17.6 39 17.6 51.7 0l352.6-486.1c3.9-5.3.1-12.7-6.4-12.7z"
              />
            </svg>
          </span>
        </span>
        <div
          class="ant-spin ant-spin-spinning ant-spin-show-text"
        >
          <span
            class="ant-spin-dot ant-spin-dot-spin"
          >
            <i
              class="ant-spin-dot-item"
            />
            <i
              class="ant-spin-dot-item"
            />
            <i
              class="ant-spin-dot-item"
            />
            <i
              class="ant-spin-dot-item"
            />
          </span>
          <div
            class="ant-spin-text"
          >
            Loading...
          </div>
        </div>
      </header>
      <div
        class="sc-gKsewC PFLUl"
      />
    </div>
  </div>,
  "debug": [Function],
  "findAllByAltText": [Function],
  "findAllByDisplayValue": [Function],
  "findAllByLabelText": [Function],
  "findAllByPlaceholderText": [Function],
  "findAllByRole": [Function],
  "findAllByTestId": [Function],
  "findAllByText": [Function],
  "findAllByTitle": [Function],
  "findByAltText": [Function],
  "findByDisplayValue": [Function],
  "findByLabelText": [Function],
  "findByPlaceholderText": [Function],
  "findByRole": [Function],
  "findByTestId": [Function],
  "findByText": [Function],
  "findByTitle": [Function],
  "getAllByAltText": [Function],
  "getAllByDisplayValue": [Function],
  "getAllByLabelText": [Function],
  "getAllByPlaceholderText": [Function],
  "getAllByRole": [Function],
  "getAllByTestId": [Function],
  "getAllByText": [Function],
  "getAllByTitle": [Function],
  "getByAltText": [Function],
  "getByDisplayValue": [Function],
  "getByLabelText": [Function],
  "getByPlaceholderText": [Function],
  "getByRole": [Function],
  "getByTestId": [Function],
  "getByText": [Function],
  "getByTitle": [Function],
  "queryAllByAltText": [Function],
  "queryAllByDisplayValue": [Function],
  "queryAllByLabelText": [Function],
  "queryAllByPlaceholderText": [Function],
  "queryAllByRole": [Function],
  "queryAllByTestId": [Function],
  "queryAllByText": [Function],
  "queryAllByTitle": [Function],
  "queryByAltText": [Function],
  "queryByDisplayValue": [Function],
  "queryByLabelText": [Function],
  "queryByPlaceholderText": [Function],
  "queryByRole": [Function],
  "queryByTestId": [Function],
  "queryByText": [Function],
  "queryByTitle": [Function],
  "rerender": [Function],
  "unmount": [Function],
}
`;
